// Jest Snapshot v1, https://goo.gl/fbAQLP

exports[`Pruebas en <NoteScreen /> debe de mostrarse correctamente 1`] = `
<div
  className="notes__main-content"
>
  <div
    className="notes__appbar"
    id="appbar"
  >
    <span>
      Jun 16th 21
    </span>
    <input
      accept="image/jpg, image/png, image/jpeg"
      id="fileSelector"
      name="file"
      onChange={[Function]}
      style={
        Object {
          "display": "none",
        }
      }
      type="file"
    />
    <div>
      <button
        className="btn btn-danger"
        onClick={[Function]}
      >
        Delete
      </button>
      <button
        className="btn btn-primary"
        onClick={[Function]}
      >
        Picture
      </button>
      <button
        className="btn btn-primary"
        onClick={[Function]}
      >
        Save
      </button>
    </div>
  </div>
  <div
    className="notes__content"
  >
    <input
      autoComplete="off"
      className="notes__title-input"
      name="title"
      onChange={[Function]}
      placeholder="Some cool title"
      type="text"
      value="Hola"
    />
    <textarea
      className="notes__textarea"
      name="body"
      onChange={[Function]}
      placeholder="What happened today"
      value="mundo"
    />
  </div>
</div>
`;
