// Jest Snapshot v1, https://goo.gl/fbAQLP

exports[`Pruebas en <Sidebar /> debe de mostrarse correctamente 1`] = `
<aside
  className="journal__sidebar"
>
  <div
    className="journal__sidebar-navbar"
  >
    <h3
      className=""
    >
      <i
        className="far fa-moon"
      />
      <span>
         
        Ismael
         
      </span>
    </h3>
    <button
      className="btn"
      id="logout-button"
      onClick={[Function]}
    >
      Logout
    </button>
  </div>
  Array [
    <div
      className="journal__new-entry"
      onClick={[Function]}
    >
      <i
        className="far fa-calendar-plus fa-4x"
      />
      <p
        className="mt-5"
      >
        New Note
      </p>
    </div>,
    <div
      className="journal__entries"
      style={
        Object {
          "textAlign": "center",
        }
      }
    >
      Notes...
    </div>,
  ]
</aside>
`;
